v[0] = 0.536145
v[1] = -1.73735
v[2] = 0.96506
v[3] = 1.22169
v[4] = 1.49157
v[5] = -0.9
v[6] = -3.0988
v[7] = -4.5241
v[8] = -2.23855
v[9] = -3.60482
v[10] = -9.12289
v[11] = -7.06386
v[12] = -6.7506
v[13] = -10.2108
v[14] = -7.70964
v[15] = -7.26747
v[16] = -3.71687
v[17] = -8.65663
v[18] = -5.78313
v[19] = -5.05663
v[20] = 0.76506
v[21] = 1.17349
v[22] = 1.64819
v[23] = 0.450602
v[24] = -0.622892
v[25] = -0.179518
v[26] = -1.90482
v[27] = -1.58072
v[28] = -1.85422
v[29] = -2.82169
v[30] = -3.7
v[31] = -3.32048
v[32] = -8.08916
v[33] = -6.76024
v[34] = -1.99277
v[35] = -3.92169
v[36] = -8.59639
v[37] = -7.9253
v[38] = -4.94578
v[39] = -3.93012
v[40] = -2.41084
v[41] = -2.32048
v[42] = -2.4494
v[43] = 0.483133
v[44] = 1.08675
v[45] = 3.03373
v[46] = 1.18434
v[47] = 0.857831
v[48] = 1.25783
v[49] = -0.812048
v[50] = -0.918072
v[51] = 1.15663
v[52] = -1.10482
v[53] = -0.638554
v[54] = -1.28916
v[55] = -0.396386
v[56] = -1.36024
v[57] = -1.22048
v[58] = -1.2759
v[59] = -0.381928
v[60] = 1.26024
v[61] = 1.66867
v[62] = 1.99398
v[63] = 1.91687
v[64] = 0.438554
v[65] = 0.659036
v[66] = 1.36386
v[67] = 0.774699
v[68] = -0.604819
v[69] = 0.645783
v[70] = 0.20241
v[71] = -0.793976
v[72] = -2.13494
v[73] = -1.8988
v[74] = -1.20723
v[75] = -1.4241
v[76] = -4.26988
v[77] = -5.38313
v[78] = -3.33735
v[79] = -2.91928
v[80] = -0.915663
v[81] = 1.20482
v[82] = 0.962651
v[83] = -0.655422
v[84] = 0.489157
v[85] = 1.39398
v[86] = 0.775904
v[87] = 2.29157
v[88] = -1.55301
v[89] = 0.922892
v[90] = -1.65301
v[91] = -3.39277
v[92] = -2.26145
v[93] = -0.46506
v[94] = -0.407229
v[95] = -1.04578
v[96] = -0.927711
v[97] = -0.986747
v[98] = -3.70964
v[99] = -6.21205
v[100] = -6.14217
v[101] = -4.19036
v[102] = -1.73253
v[103] = -0.698795
v[104] = -1.29036
v[105] = -0.404819
v[106] = 0.385542
v[107] = -0.13253
v[108] = -0.240964
v[109] = 0.736145
v[110] = 2.72771
v[111] = 0.579518
v[112] = 0.487952
v[113] = -1.1747
v[114] = -3.03012
v[115] = -1.50964
v[116] = -1.93855
v[117] = -0.781928
v[118] = 0.609639
v[119] = -0.583133
v[120] = -1.14096
v[121] = -0.33494
v[122] = -1.03855
v[123] = -4.09518
v[124] = -3.62771
v[125] = -3.59639
v[126] = -3.42169
v[127] = -3.59036
v[128] = -3.39639
v[129] = -2.99398
v[130] = -2.93614
v[131] = -5.37349
v[132] = -3.97108
v[133] = -1.59398
v[134] = -1.00843
v[135] = -2.23012
v[136] = -3.1253
v[137] = -1.85422
v[138] = -1.21566
v[139] = -3.21807
v[140] = -1.7241
v[141] = -0.133735
v[142] = -0.228916
v[143] = -2.21084
v[144] = -2.31928
v[145] = -2.8241
v[146] = -2.09277
v[147] = -2.23133
v[148] = -2.26988
v[149] = -0.854217
v[150] = -1.88675
v[151] = -0.16506
v[152] = 0.792771
v[153] = 2.80361
v[154] = 2.26145
v[155] = 2.09036
v[156] = -1.20723
v[157] = -1.44699
v[158] = -2.55904
v[159] = -3.30723
v[160] = -3.09759
v[161] = -2.98916
v[162] = -1.71084
v[163] = -3.37349
v[164] = -4.21446
v[165] = -3.27229
v[166] = -1.91928
v[167] = -0.922892
v[168] = -0.656627
v[169] = 0.825301
v[170] = 3.2988
v[171] = 2.61687
v[172] = 2.14458
v[173] = 2.1988
v[174] = 2.12892
v[175] = 1.55181
v[176] = 2.46386
v[177] = 2.34458
v[178] = 3.42169
v[179] = 0.70241
v[180] = -1.81446
v[181] = -1.74578
v[182] = -0.698795
v[183] = -0.749398
v[184] = 0.375904
v[185] = 1.36747
v[186] = 0.574699
v[187] = 1.51084
v[188] = 1.1506
v[189] = 0.381928
v[190] = 1.33855
v[191] = 1.30361
v[192] = 1.27952
v[193] = 1.39518
v[194] = 2.08313
v[195] = 1.19518
v[196] = -1.31205
v[197] = -0.585542
v[198] = -0.327711
v[199] = -0.319277
v[200] = -2.35904
v[201] = -0.908434
v[202] = -0.545783
v[203] = -0.554217
v[204] = 1.00964
v[205] = 2.08434
v[206] = 3.13494
v[207] = 2.37952
v[208] = -2.56265
v[209] = -0.827711
v[210] = -2.18434
v[211] = -4.31084
v[212] = -4.8988
v[213] = -3.09639
v[214] = -1.15301
v[215] = -2.49157
v[216] = -1.22289
v[217] = -2.51807
v[218] = -5.45904
v[219] = -4.58554
v[220] = -2.33012
v[221] = -2.54337
v[222] = -0.221687
v[223] = 0.3
v[224] = -2.27108
v[225] = -1.23735
v[226] = 0.142169
v[227] = 0.36506
v[228] = 0.209639
v[229] = 1.62651
v[230] = 1.16747
v[231] = -1.28434
v[232] = -1.47108
v[233] = -1.60843
v[234] = -1.1
v[235] = 1.33976
v[236] = 1.68675
v[237] = 2.42169
v[238] = 1.75301
v[239] = -0.244578
v[240] = -0.0759036
v[241] = -0.836145
v[242] = -1.61446
v[243] = -0.601205
v[244] = -2.1747
v[245] = -1.43735
v[246] = -0.522892
v[247] = 0.926506
v[248] = 2.11325
v[249] = 2.40843
v[250] = 1.45301
v[251] = -1.31446
v[252] = -2.52892
v[253] = -2.8253
v[254] = -0.756627
v[255] = -2.27831
v[256] = -2.4747
v[257] = -0.684337
v[258] = -3.27831
v[259] = -3.61687
v[260] = -2.57952
v[261] = -2.30241
v[262] = -1.47711
v[263] = -1.62048
v[264] = -0.479518
v[265] = 0.89759
v[266] = 1.76386
v[267] = 2.58554
v[268] = 2.57831
v[269] = 2.70964
v[270] = 1.45422
v[271] = 0.814458
v[272] = 0.184337
v[273] = -0.479518
v[274] = -1.2747
v[275] = 0.23012
v[276] = 1.83133
v[277] = 2.10602
v[278] = 1.67108
v[279] = 2.56265
v[280] = 2.51928
v[281] = 2.1012
v[282] = 3.5494
v[283] = 2.53253
v[284] = 1.23494
v[285] = -4.09157
v[286] = -4.71687
v[287] = -1.15181
v[288] = -2.15904
v[289] = -1.16265
v[290] = -0.177108
v[291] = 3.20964
v[292] = 3.99157
v[293] = 3.23012
v[294] = 1.9988
v[295] = -2.78916
v[296] = -5.1759
v[297] = -5.25542
v[298] = -5.03976
v[299] = -2.13976
v[300] = -4.31807
v[301] = -4.14337
v[302] = -5.90361
v[303] = -5.13253
v[304] = -7.11687
v[305] = -6.65542
v[306] = -6.06867
v[307] = -3.74819
v[308] = -4.26024
v[309] = -2.76506
v[310] = -3.75301
v[311] = -0.913253
v[312] = -1.53614
v[313] = 0.00240964
v[314] = 0.362651
v[315] = 2.84217
v[316] = 4.55542
v[317] = -1.51325
v[318] = -5.10843
v[319] = -2.53855
v[320] = -1.68554
v[321] = -0.721687
v[322] = -0.814458
v[323] = 1.48313
v[324] = 1.24578
v[325] = 3
v[326] = 3.25301
v[327] = 3.06627
v[328] = 1.48072
v[329] = 0.773494
v[330] = -0.486747
v[331] = -1.3253
v[332] = -2.95904
v[333] = -5.2
v[334] = -5.4759
v[335] = -4.11084
v[336] = -2.49518
v[337] = -2.35301
v[338] = -5.5506
v[339] = -5.79518
v[340] = -3.24458
v[341] = -0.187952
v[342] = -0.945783
v[343] = 0.445783
v[344] = -0.127711
v[345] = 1.02771
v[346] = 0.914458
v[347] = 1.27108
v[348] = 2.26988
v[349] = 3.3988
v[350] = 1.26265
v[351] = 1.88916
v[352] = 0.763855
v[353] = -0.562651
v[354] = -0.238554
v[355] = -0.531325
v[356] = -0.698795
v[357] = 1.02651
v[358] = 3.67831
v[359] = 1.35181
v[360] = -1.84217
v[361] = -1.54819
v[362] = -3.53133
v[363] = -2.3988
v[364] = -1.23735
