v[0] = -10.2108
v[1] = -9.12289
v[2] = -8.65663
v[3] = -8.59639
v[4] = -8.08916
v[5] = -7.9253
v[6] = -7.70964
v[7] = -7.26747
v[8] = -7.11687
v[9] = -7.06386
v[10] = -6.76024
v[11] = -6.7506
v[12] = -6.65542
v[13] = -6.21205
v[14] = -6.14217
v[15] = -6.06867
v[16] = -5.90361
v[17] = -5.79518
v[18] = -5.78313
v[19] = -5.5506
v[20] = -5.4759
v[21] = -5.45904
v[22] = -5.38313
v[23] = -5.37349
v[24] = -5.25542
v[25] = -5.2
v[26] = -5.1759
v[27] = -5.13253
v[28] = -5.10843
v[29] = -5.05663
v[30] = -5.03976
v[31] = -4.94578
v[32] = -4.8988
v[33] = -4.71687
v[34] = -4.58554
v[35] = -4.5241
v[36] = -4.31807
v[37] = -4.31084
v[38] = -4.26988
v[39] = -4.26024
v[40] = -4.21446
v[41] = -4.19036
v[42] = -4.14337
v[43] = -4.11084
v[44] = -4.09518
v[45] = -4.09157
v[46] = -3.97108
v[47] = -3.93012
v[48] = -3.92169
v[49] = -3.75301
v[50] = -3.74819
v[51] = -3.71687
v[52] = -3.70964
v[53] = -3.7
v[54] = -3.62771
v[55] = -3.61687
v[56] = -3.60482
v[57] = -3.59639
v[58] = -3.59036
v[59] = -3.53133
v[60] = -3.42169
v[61] = -3.39639
v[62] = -3.39277
v[63] = -3.37349
v[64] = -3.33735
v[65] = -3.32048
v[66] = -3.30723
v[67] = -3.27831
v[68] = -3.27229
v[69] = -3.24458
v[70] = -3.21807
v[71] = -3.1253
v[72] = -3.0988
v[73] = -3.09759
v[74] = -3.09639
v[75] = -3.03012
v[76] = -2.99398
v[77] = -2.98916
v[78] = -2.95904
v[79] = -2.93614
v[80] = -2.91928
v[81] = -2.8253
v[82] = -2.8241
v[83] = -2.82169
v[84] = -2.78916
v[85] = -2.76506
v[86] = -2.57952
v[87] = -2.56265
v[88] = -2.55904
v[89] = -2.54337
v[90] = -2.53855
v[91] = -2.52892
v[92] = -2.51807
v[93] = -2.49518
v[94] = -2.49157
v[95] = -2.4747
v[96] = -2.4494
v[97] = -2.41084
v[98] = -2.3988
v[99] = -2.35904
v[100] = -2.35301
v[101] = -2.33012
v[102] = -2.32048
v[103] = -2.31928
v[104] = -2.30241
v[105] = -2.27831
v[106] = -2.27108
v[107] = -2.26988
v[108] = -2.26145
v[109] = -2.23855
v[110] = -2.23133
v[111] = -2.23012
v[112] = -2.21084
v[113] = -2.18434
v[114] = -2.1747
v[115] = -2.15904
v[116] = -2.13976
v[117] = -2.13494
v[118] = -2.09277
v[119] = -1.99277
v[120] = -1.93855
v[121] = -1.91928
v[122] = -1.90482
v[123] = -1.8988
v[124] = -1.88675
v[125] = -1.85422
v[126] = -1.85422
v[127] = -1.84217
v[128] = -1.81446
v[129] = -1.74578
v[130] = -1.73735
v[131] = -1.73253
v[132] = -1.7241
v[133] = -1.71084
v[134] = -1.68554
v[135] = -1.65301
v[136] = -1.62048
v[137] = -1.61446
v[138] = -1.60843
v[139] = -1.59398
v[140] = -1.58072
v[141] = -1.55301
v[142] = -1.54819
v[143] = -1.53614
v[144] = -1.51325
v[145] = -1.50964
v[146] = -1.47711
v[147] = -1.47108
v[148] = -1.44699
v[149] = -1.43735
v[150] = -1.4241
v[151] = -1.36024
v[152] = -1.3253
v[153] = -1.31446
v[154] = -1.31205
v[155] = -1.29036
v[156] = -1.28916
v[157] = -1.28434
v[158] = -1.2759
v[159] = -1.2747
v[160] = -1.23735
v[161] = -1.23735
v[162] = -1.22289
v[163] = -1.22048
v[164] = -1.21566
v[165] = -1.20723
v[166] = -1.20723
v[167] = -1.1747
v[168] = -1.16265
v[169] = -1.15301
v[170] = -1.15181
v[171] = -1.14096
v[172] = -1.10482
v[173] = -1.1
v[174] = -1.04578
v[175] = -1.03855
v[176] = -1.00843
v[177] = -0.986747
v[178] = -0.945783
v[179] = -0.927711
v[180] = -0.922892
v[181] = -0.918072
v[182] = -0.915663
v[183] = -0.913253
v[184] = -0.908434
v[185] = -0.9
v[186] = -0.854217
v[187] = -0.836145
v[188] = -0.827711
v[189] = -0.814458
v[190] = -0.812048
v[191] = -0.793976
v[192] = -0.781928
v[193] = -0.756627
v[194] = -0.749398
v[195] = -0.721687
v[196] = -0.698795
v[197] = -0.698795
v[198] = -0.698795
v[199] = -0.684337
v[200] = -0.656627
v[201] = -0.655422
v[202] = -0.638554
v[203] = -0.622892
v[204] = -0.604819
v[205] = -0.601205
v[206] = -0.585542
v[207] = -0.583133
v[208] = -0.562651
v[209] = -0.554217
v[210] = -0.545783
v[211] = -0.531325
v[212] = -0.522892
v[213] = -0.486747
v[214] = -0.479518
v[215] = -0.479518
v[216] = -0.46506
v[217] = -0.407229
v[218] = -0.404819
v[219] = -0.396386
v[220] = -0.381928
v[221] = -0.33494
v[222] = -0.327711
v[223] = -0.319277
v[224] = -0.244578
v[225] = -0.240964
v[226] = -0.238554
v[227] = -0.228916
v[228] = -0.221687
v[229] = -0.187952
v[230] = -0.179518
v[231] = -0.177108
v[232] = -0.16506
v[233] = -0.133735
v[234] = -0.13253
v[235] = -0.127711
v[236] = -0.0759036
v[237] = 0.00240964
v[238] = 0.142169
v[239] = 0.184337
v[240] = 0.20241
v[241] = 0.209639
v[242] = 0.23012
v[243] = 0.3
v[244] = 0.362651
v[245] = 0.36506
v[246] = 0.375904
v[247] = 0.381928
v[248] = 0.385542
v[249] = 0.438554
v[250] = 0.445783
v[251] = 0.450602
v[252] = 0.483133
v[253] = 0.487952
v[254] = 0.489157
v[255] = 0.536145
v[256] = 0.574699
v[257] = 0.579518
v[258] = 0.609639
v[259] = 0.645783
v[260] = 0.659036
v[261] = 0.70241
v[262] = 0.736145
v[263] = 0.763855
v[264] = 0.76506
v[265] = 0.773494
v[266] = 0.774699
v[267] = 0.775904
v[268] = 0.792771
v[269] = 0.814458
v[270] = 0.825301
v[271] = 0.857831
v[272] = 0.89759
v[273] = 0.914458
v[274] = 0.922892
v[275] = 0.926506
v[276] = 0.962651
v[277] = 0.96506
v[278] = 1.00964
v[279] = 1.02651
v[280] = 1.02771
v[281] = 1.08675
v[282] = 1.1506
v[283] = 1.15663
v[284] = 1.16747
v[285] = 1.17349
v[286] = 1.18434
v[287] = 1.19518
v[288] = 1.20482
v[289] = 1.22169
v[290] = 1.23494
v[291] = 1.24578
v[292] = 1.25783
v[293] = 1.26024
v[294] = 1.26265
v[295] = 1.27108
v[296] = 1.27952
v[297] = 1.30361
v[298] = 1.33855
v[299] = 1.33976
v[300] = 1.35181
v[301] = 1.36386
v[302] = 1.36747
v[303] = 1.39398
v[304] = 1.39518
v[305] = 1.45301
v[306] = 1.45422
v[307] = 1.48072
v[308] = 1.48313
v[309] = 1.49157
v[310] = 1.51084
v[311] = 1.55181
v[312] = 1.62651
v[313] = 1.64819
v[314] = 1.66867
v[315] = 1.67108
v[316] = 1.68675
v[317] = 1.75301
v[318] = 1.76386
v[319] = 1.83133
v[320] = 1.88916
v[321] = 1.91687
v[322] = 1.99398
v[323] = 1.9988
v[324] = 2.08313
v[325] = 2.08434
v[326] = 2.09036
v[327] = 2.1012
v[328] = 2.10602
v[329] = 2.11325
v[330] = 2.12892
v[331] = 2.14458
v[332] = 2.1988
v[333] = 2.26145
v[334] = 2.26988
v[335] = 2.29157
v[336] = 2.34458
v[337] = 2.37952
v[338] = 2.40843
v[339] = 2.42169
v[340] = 2.46386
v[341] = 2.51928
v[342] = 2.53253
v[343] = 2.56265
v[344] = 2.57831
v[345] = 2.58554
v[346] = 2.61687
v[347] = 2.70964
v[348] = 2.72771
v[349] = 2.80361
v[350] = 2.84217
v[351] = 3
v[352] = 3.03373
v[353] = 3.06627
v[354] = 3.13494
v[355] = 3.20964
v[356] = 3.23012
v[357] = 3.25301
v[358] = 3.2988
v[359] = 3.3988
v[360] = 3.42169
v[361] = 3.5494
v[362] = 3.67831
v[363] = 3.99157
v[364] = 4.55542
