0.536145
-1.73735
0.96506
1.22169
1.49157
-0.9
-3.0988
-4.5241
-2.23855
-3.60482
-9.12289
-7.06386
-6.7506
-10.2108
-7.70964
-7.26747
-3.71687
-8.65663
-5.78313
-5.05663
0.76506
1.17349
1.64819
0.450602
-0.622892
-0.179518
-1.90482
-1.58072
-1.85422
-2.82169
-3.7
-3.32048
-8.08916
-6.76024
-1.99277
-3.92169
-8.59639
-7.9253
-4.94578
-3.93012
-2.41084
-2.32048
-2.4494
0.483133
1.08675
3.03373
1.18434
0.857831
1.25783
-0.812048
-0.918072
1.15663
-1.10482
-0.638554
-1.28916
-0.396386
-1.36024
-1.22048
-1.2759
-0.381928
1.26024
1.66867
1.99398
1.91687
0.438554
0.659036
1.36386
0.774699
-0.604819
0.645783
0.20241
-0.793976
-2.13494
-1.8988
-1.20723
-1.4241
-4.26988
-5.38313
-3.33735
-2.91928
-0.915663
1.20482
0.962651
-0.655422
0.489157
1.39398
0.775904
2.29157
-1.55301
0.922892
-1.65301
-3.39277
-2.26145
-0.46506
-0.407229
-1.04578
-0.927711
-0.986747
-3.70964
-6.21205
-6.14217
-4.19036
-1.73253
-0.698795
-1.29036
-0.404819
0.385542
-0.13253
-0.240964
0.736145
2.72771
0.579518
0.487952
-1.1747
-3.03012
-1.50964
-1.93855
-0.781928
0.609639
-0.583133
-1.14096
-0.33494
-1.03855
-4.09518
-3.62771
-3.59639
-3.42169
-3.59036
-3.39639
-2.99398
-2.93614
-5.37349
-3.97108
-1.59398
-1.00843
-2.23012
-3.1253
-1.85422
-1.21566
-3.21807
-1.7241
-0.133735
-0.228916
-2.21084
-2.31928
-2.8241
-2.09277
-2.23133
-2.26988
-0.854217
-1.88675
-0.16506
0.792771
2.80361
2.26145
2.09036
-1.20723
-1.44699
-2.55904
-3.30723
-3.09759
-2.98916
-1.71084
-3.37349
-4.21446
-3.27229
-1.91928
-0.922892
-0.656627
0.825301
3.2988
2.61687
2.14458
2.1988
2.12892
1.55181
2.46386
2.34458
3.42169
0.70241
-1.81446
-1.74578
-0.698795
-0.749398
0.375904
1.36747
0.574699
1.51084
1.1506
0.381928
1.33855
1.30361
1.27952
1.39518
2.08313
1.19518
-1.31205
-0.585542
-0.327711
-0.319277
-2.35904
-0.908434
-0.545783
-0.554217
1.00964
2.08434
3.13494
2.37952
-2.56265
-0.827711
-2.18434
-4.31084
-4.8988
-3.09639
-1.15301
-2.49157
-1.22289
-2.51807
-5.45904
-4.58554
-2.33012
-2.54337
-0.221687
0.3
-2.27108
-1.23735
0.142169
0.36506
0.209639
1.62651
1.16747
-1.28434
-1.47108
-1.60843
-1.1
1.33976
1.68675
2.42169
1.75301
-0.244578
-0.0759036
-0.836145
-1.61446
-0.601205
-2.1747
-1.43735
-0.522892
0.926506
2.11325
2.40843
1.45301
-1.31446
-2.52892
-2.8253
-0.756627
-2.27831
-2.4747
-0.684337
-3.27831
-3.61687
-2.57952
-2.30241
-1.47711
-1.62048
-0.479518
0.89759
1.76386
2.58554
2.57831
2.70964
1.45422
0.814458
0.184337
-0.479518
-1.2747
0.23012
1.83133
2.10602
1.67108
2.56265
2.51928
2.1012
3.5494
2.53253
1.23494
-4.09157
-4.71687
-1.15181
-2.15904
-1.16265
-0.177108
3.20964
3.99157
3.23012
1.9988
-2.78916
-5.1759
-5.25542
-5.03976
-2.13976
-4.31807
-4.14337
-5.90361
-5.13253
-7.11687
-6.65542
-6.06867
-3.74819
-4.26024
-2.76506
-3.75301
-0.913253
-1.53614
0.00240964
0.362651
2.84217
4.55542
-1.51325
-5.10843
-2.53855
-1.68554
-0.721687
-0.814458
1.48313
1.24578
3
3.25301
3.06627
1.48072
0.773494
-0.486747
-1.3253
-2.95904
-5.2
-5.4759
-4.11084
-2.49518
-2.35301
-5.5506
-5.79518
-3.24458
-0.187952
-0.945783
0.445783
-0.127711
1.02771
0.914458
1.27108
2.26988
3.3988
1.26265
1.88916
0.763855
-0.562651
-0.238554
-0.531325
-0.698795
1.02651
3.67831
1.35181
-1.84217
-1.54819
-3.53133
-2.3988
-1.23735
0.536145
-1.73735
0.96506
1.22169
1.49157
-0.9
-3.0988
-4.5241
-2.23855
-3.60482
-9.12289
-7.06386
-6.7506
-10.2108
-7.70964
-7.26747
-3.71687
-8.65663
-5.78313
-5.05663
0.76506
1.17349
1.64819
0.450602
-0.622892
-0.179518
-1.90482
-1.58072
-1.85422
-2.82169
-3.7
-3.32048
-8.08916
-6.76024
-1.99277
-3.92169
-8.59639
-7.9253
-4.94578
-3.93012
-2.41084
-2.32048
-2.4494
0.483133
1.08675
3.03373
1.18434
0.857831
1.25783
-0.812048
-0.918072
1.15663
-1.10482
-0.638554
-1.28916
-0.396386
-1.36024
-1.22048
-1.2759
-0.381928
1.26024
1.66867
1.99398
1.91687
0.438554
0.659036
1.36386
0.774699
-0.604819
0.645783
0.20241
-0.793976
-2.13494
-1.8988
-1.20723
-1.4241
-4.26988
-5.38313
-3.33735
-2.91928
-0.915663
1.20482
0.962651
-0.655422
0.489157
1.39398
0.775904
2.29157
-1.55301
0.922892
-1.65301
-3.39277
-2.26145
-0.46506
-0.407229
-1.04578
-0.927711
-0.986747
-3.70964
-6.21205
-6.14217
-4.19036
-1.73253
-0.698795
-1.29036
-0.404819
0.385542
-0.13253
-0.240964
0.736145
2.72771
0.579518
0.487952
-1.1747
-3.03012
-1.50964
-1.93855
-0.781928
0.609639
-0.583133
-1.14096
-0.33494
-1.03855
-4.09518
-3.62771
-3.59639
-3.42169
-3.59036
-3.39639
-2.99398
-2.93614
-5.37349
-3.97108
-1.59398
-1.00843
-2.23012
-3.1253
-1.85422
-1.21566
-3.21807
-1.7241
-0.133735
-0.228916
-2.21084
-2.31928
-2.8241
-2.09277
-2.23133
-2.26988
-0.854217
-1.88675
-0.16506
0.792771
2.80361
2.26145
2.09036
-1.20723
-1.44699
-2.55904
-3.30723
-3.09759
-2.98916
-1.71084
-3.37349
-4.21446
-3.27229
-1.91928
-0.922892
-0.656627
0.825301
3.2988
2.61687
2.14458
2.1988
2.12892
1.55181
2.46386
2.34458
3.42169
0.70241
-1.81446
-1.74578
-0.698795
-0.749398
0.375904
1.36747
0.574699
1.51084
1.1506
0.381928
1.33855
1.30361
1.27952
1.39518
2.08313
1.19518
-1.31205
-0.585542
-0.327711
-0.319277
-2.35904
-0.908434
-0.545783
-0.554217
1.00964
2.08434
3.13494
2.37952
-2.56265
-0.827711
-2.18434
-4.31084
-4.8988
-3.09639
-1.15301
-2.49157
-1.22289
-2.51807
-5.45904
-4.58554
-2.33012
-2.54337
-0.221687
0.3
-2.27108
-1.23735
0.142169
0.36506
0.209639
1.62651
1.16747
-1.28434
-1.47108
-1.60843
-1.1
1.33976
1.68675
2.42169
1.75301
-0.244578
-0.0759036
-0.836145
-1.61446
-0.601205
-2.1747
-1.43735
-0.522892
0.926506
2.11325
2.40843
1.45301
-1.31446
-2.52892
-2.8253
-0.756627
-2.27831
-2.4747
-0.684337
-3.27831
-3.61687
-2.57952
-2.30241
-1.47711
-1.62048
-0.479518
0.89759
1.76386
2.58554
2.57831
2.70964
1.45422
0.814458
0.184337
-0.479518
-1.2747
0.23012
1.83133
2.10602
1.67108
2.56265
2.51928
2.1012
3.5494
2.53253
1.23494
-4.09157
-4.71687
-1.15181
-2.15904
-1.16265
-0.177108
3.20964
3.99157
3.23012
1.9988
-2.78916
-5.1759
-5.25542
-5.03976
-2.13976
-4.31807
-4.14337
-5.90361
-5.13253
-7.11687
-6.65542
-6.06867
-3.74819
-4.26024
-2.76506
-3.75301
-0.913253
-1.53614
0.00240964
0.362651
2.84217
4.55542
-1.51325
-5.10843
-2.53855
-1.68554
-0.721687
-0.814458
1.48313
1.24578
3
3.25301
3.06627
1.48072
0.773494
-0.486747
-1.3253
-2.95904
-5.2
-5.4759
-4.11084
-2.49518
-2.35301
-5.5506
-5.79518
-3.24458
-0.187952
-0.945783
0.445783
-0.127711
1.02771
0.914458
1.27108
2.26988
3.3988
1.26265
1.88916
0.763855
-0.562651
-0.238554
-0.531325
-0.698795
1.02651
3.67831
1.35181
-1.84217
-1.54819
-3.53133
-2.3988
-1.23735
0.536145
-1.73735
0.96506
1.22169
1.49157
-0.9
-3.0988
-4.5241
-2.23855
-3.60482
-9.12289
-7.06386
-6.7506
-10.2108
-7.70964
-7.26747
-3.71687
-8.65663
-5.78313
-5.05663
0.76506
1.17349
1.64819
0.450602
-0.622892
-0.179518
-1.90482
-1.58072
-1.85422
-2.82169
-3.7
-3.32048
-8.08916
-6.76024
-1.99277
-3.92169
-8.59639
-7.9253
-4.94578
-3.93012
-2.41084
-2.32048
-2.4494
0.483133
1.08675
3.03373
1.18434
0.857831
1.25783
-0.812048
-0.918072
1.15663
-1.10482
-0.638554
-1.28916
-0.396386
-1.36024
-1.22048
-1.2759
-0.381928
1.26024
1.66867
1.99398
1.91687
0.438554
0.659036
1.36386
0.774699
-0.604819
0.645783
0.20241
-0.793976
-2.13494
-1.8988
-1.20723
-1.4241
-4.26988
-5.38313
-3.33735
-2.91928
-0.915663
1.20482
0.962651
-0.655422
0.489157
1.39398
0.775904
2.29157
-1.55301
0.922892
-1.65301
-3.39277
-2.26145
-0.46506
-0.407229
-1.04578
-0.927711
-0.986747
-3.70964
-6.21205
-6.14217
-4.19036
-1.73253
-0.698795
-1.29036
-0.404819
0.385542
-0.13253
-0.240964
0.736145
2.72771
0.579518
0.487952
-1.1747
-3.03012
-1.50964
-1.93855
-0.781928
0.609639
-0.583133
-1.14096
-0.33494
-1.03855
-4.09518
-3.62771
-3.59639
-3.42169
-3.59036
-3.39639
-2.99398
-2.93614
-5.37349
-3.97108
-1.59398
-1.00843
-2.23012
-3.1253
-1.85422
-1.21566
-3.21807
-1.7241
-0.133735
-0.228916
-2.21084
-2.31928
-2.8241
-2.09277
-2.23133
-2.26988
-0.854217
-1.88675
-0.16506
0.792771
2.80361
2.26145
2.09036
-1.20723
-1.44699
-2.55904
-3.30723
-3.09759
-2.98916
-1.71084
-3.37349
-4.21446
-3.27229
-1.91928
-0.922892
-0.656627
0.825301
3.2988
2.61687
2.14458
2.1988
2.12892
1.55181
2.46386
2.34458
3.42169
0.70241
-1.81446
-1.74578
-0.698795
-0.749398
0.375904
1.36747
0.574699
1.51084
1.1506
0.381928
1.33855
1.30361
1.27952
1.39518
2.08313
1.19518
-1.31205
-0.585542
-0.327711
-0.319277
-2.35904
-0.908434
-0.545783
-0.554217
1.00964
2.08434
3.13494
2.37952
-2.56265
-0.827711
-2.18434
-4.31084
-4.8988
-3.09639
-1.15301
-2.49157
-1.22289
-2.51807
-5.45904
-4.58554
-2.33012
-2.54337
-0.221687
0.3
-2.27108
-1.23735
0.142169
0.36506
0.209639
1.62651
1.16747
-1.28434
-1.47108
-1.60843
-1.1
1.33976
1.68675
2.42169
1.75301
-0.244578
-0.0759036
-0.836145
-1.61446
-0.601205
-2.1747
-1.43735
-0.522892
0.926506
2.11325
2.40843
1.45301
-1.31446
-2.52892
-2.8253
-0.756627
-2.27831
-2.4747
-0.684337
-3.27831
-3.61687
-2.57952
-2.30241
-1.47711
-1.62048
-0.479518
0.89759
1.76386
2.58554
2.57831
2.70964
1.45422
0.814458
0.184337
-0.479518
-1.2747
0.23012
1.83133
2.10602
1.67108
2.56265
2.51928
2.1012
3.5494
2.53253
1.23494
-4.09157
-4.71687
-1.15181
-2.15904
-1.16265
-0.177108
3.20964
3.99157
3.23012
1.9988
-2.78916
-5.1759
-5.25542
-5.03976
-2.13976
-4.31807
-4.14337
-5.90361
-5.13253
-7.11687
-6.65542
-6.06867
-3.74819
-4.26024
-2.76506
-3.75301
-0.913253
-1.53614
0.00240964
0.362651
2.84217
4.55542
-1.51325
-5.10843
-2.53855
-1.68554
-0.721687
-0.814458
1.48313
1.24578
3
3.25301
3.06627
1.48072
0.773494
-0.486747
-1.3253
-2.95904
-5.2
-5.4759
-4.11084
-2.49518
-2.35301
-5.5506
-5.79518
-3.24458
-0.187952
-0.945783
0.445783
-0.127711
1.02771
0.914458
1.27108
2.26988
3.3988
1.26265
1.88916
0.763855
-0.562651
-0.238554
-0.531325
-0.698795
1.02651
3.67831
1.35181
-1.84217
-1.54819
-3.53133
-2.3988
-1.23735
0.536145
-1.73735
0.96506
1.22169
1.49157
-0.9
-3.0988
-4.5241
-2.23855
-3.60482
-9.12289
-7.06386
-6.7506
-10.2108
-7.70964
-7.26747
-3.71687
-8.65663
-5.78313
-5.05663
0.76506
1.17349
1.64819
0.450602
-0.622892
-0.179518
-1.90482
-1.58072
-1.85422
-2.82169
-3.7
-3.32048
-8.08916
-6.76024
-1.99277
-3.92169
-8.59639
-7.9253
-4.94578
-3.93012
-2.41084
-2.32048
-2.4494
0.483133
1.08675
3.03373
1.18434
0.857831
1.25783
-0.812048
-0.918072
1.15663
-1.10482
-0.638554
-1.28916
-0.396386
-1.36024
-1.22048
-1.2759
-0.381928
1.26024
1.66867
1.99398
1.91687
0.438554
0.659036
1.36386
0.774699
-0.604819
0.645783
0.20241
-0.793976
-2.13494
-1.8988
-1.20723
-1.4241
-4.26988
-5.38313
-3.33735
-2.91928
-0.915663
1.20482
0.962651
-0.655422
0.489157
1.39398
0.775904
2.29157
-1.55301
0.922892
-1.65301
-3.39277
-2.26145
-0.46506
-0.407229
-1.04578
-0.927711
-0.986747
-3.70964
-6.21205
-6.14217
-4.19036
-1.73253
-0.698795
-1.29036
-0.404819
0.385542
-0.13253
-0.240964
0.736145
2.72771
0.579518
0.487952
-1.1747
-3.03012
-1.50964
-1.93855
-0.781928
0.609639
-0.583133
-1.14096
-0.33494
-1.03855
-4.09518
-3.62771
-3.59639
-3.42169
-3.59036
-3.39639
-2.99398
-2.93614
-5.37349
-3.97108
-1.59398
-1.00843
-2.23012
-3.1253
-1.85422
-1.21566
-3.21807
-1.7241
-0.133735
-0.228916
-2.21084
-2.31928
-2.8241
-2.09277
-2.23133
-2.26988
-0.854217
-1.88675
-0.16506
0.792771
2.80361
2.26145
2.09036
-1.20723
-1.44699
-2.55904
-3.30723
-3.09759
-2.98916
-1.71084
-3.37349
-4.21446
-3.27229
-1.91928
-0.922892
-0.656627
0.825301
3.2988
2.61687
2.14458
2.1988
2.12892
1.55181
2.46386
2.34458
3.42169
0.70241
-1.81446
-1.74578
-0.698795
-0.749398
0.375904
1.36747
0.574699
1.51084
1.1506
0.381928
1.33855
1.30361
1.27952
1.39518
2.08313
1.19518
-1.31205
-0.585542
-0.327711
-0.319277
-2.35904
-0.908434
-0.545783
-0.554217
1.00964
2.08434
3.13494
2.37952
-2.56265
-0.827711
-2.18434
-4.31084
-4.8988
-3.09639
-1.15301
-2.49157
-1.22289
-2.51807
-5.45904
-4.58554
-2.33012
-2.54337
-0.221687
0.3
-2.27108
-1.23735
0.142169
0.36506
0.209639
1.62651
1.16747
-1.28434
-1.47108
-1.60843
-1.1
1.33976
1.68675
2.42169
1.75301
-0.244578
-0.0759036
-0.836145
-1.61446
-0.601205
-2.1747
-1.43735
-0.522892
0.926506
2.11325
2.40843
1.45301
-1.31446
-2.52892
-2.8253
-0.756627
-2.27831
-2.4747
-0.684337
-3.27831
-3.61687
-2.57952
-2.30241
-1.47711
-1.62048
-0.479518
0.89759
1.76386
2.58554
2.57831
2.70964
1.45422
0.814458
0.184337
-0.479518
-1.2747
0.23012
1.83133
2.10602
1.67108
2.56265
2.51928
2.1012
3.5494
2.53253
1.23494
-4.09157
-4.71687
-1.15181
-2.15904
-1.16265
-0.177108
3.20964
3.99157
3.23012
1.9988
-2.78916
-5.1759
-5.25542
-5.03976
-2.13976
-4.31807
-4.14337
-5.90361
-5.13253
-7.11687
-6.65542
-6.06867
-3.74819
-4.26024
-2.76506
-3.75301
-0.913253
-1.53614
0.00240964
0.362651
2.84217
4.55542
-1.51325
-5.10843
-2.53855
-1.68554
-0.721687
-0.814458
1.48313
1.24578
3
3.25301
3.06627
1.48072
0.773494
-0.486747
-1.3253
-2.95904
-5.2
-5.4759
-4.11084
-2.49518
-2.35301
-5.5506
-5.79518
-3.24458
-0.187952
-0.945783
0.445783
-0.127711
1.02771
0.914458
1.27108
2.26988
3.3988
1.26265
1.88916
0.763855
-0.562651
-0.238554
-0.531325
-0.698795
1.02651
3.67831
1.35181
-1.84217
-1.54819
-3.53133
-2.3988
-1.23735
0.536145
-1.73735
0.96506
1.22169
1.49157
-0.9
-3.0988
-4.5241
-2.23855
-3.60482
-9.12289
-7.06386
-6.7506
-10.2108
-7.70964
-7.26747
-3.71687
-8.65663
-5.78313
-5.05663
0.76506
1.17349
1.64819
0.450602
-0.622892
-0.179518
-1.90482
-1.58072
-1.85422
-2.82169
-3.7
-3.32048
-8.08916
-6.76024
-1.99277
-3.92169
-8.59639
-7.9253
-4.94578
-3.93012
-2.41084
-2.32048
-2.4494
0.483133
1.08675
3.03373
1.18434
0.857831
1.25783
-0.812048
-0.918072
1.15663
-1.10482
-0.638554
-1.28916
-0.396386
-1.36024
-1.22048
-1.2759
-0.381928
1.26024
1.66867
1.99398
1.91687
0.438554
0.659036
1.36386
0.774699
-0.604819
0.645783
0.20241
-0.793976
-2.13494
-1.8988
-1.20723
-1.4241
-4.26988
-5.38313
-3.33735
-2.91928
-0.915663
1.20482
0.962651
-0.655422
0.489157
1.39398
0.775904
2.29157
-1.55301
0.922892
-1.65301
-3.39277
-2.26145
-0.46506
-0.407229
-1.04578
-0.927711
-0.986747
-3.70964
-6.21205
-6.14217
-4.19036
-1.73253
-0.698795
-1.29036
-0.404819
0.385542
-0.13253
-0.240964
0.736145
2.72771
0.579518
0.487952
-1.1747
-3.03012
-1.50964
-1.93855
-0.781928
0.609639
-0.583133
-1.14096
-0.33494
-1.03855
-4.09518
-3.62771
-3.59639
-3.42169
-3.59036
-3.39639
-2.99398
-2.93614
-5.37349
-3.97108
-1.59398
-1.00843
-2.23012
-3.1253
-1.85422
-1.21566
-3.21807
-1.7241
-0.133735
-0.228916
-2.21084
-2.31928
-2.8241
-2.09277
-2.23133
-2.26988
-0.854217
-1.88675
-0.16506
0.792771
2.80361
2.26145
2.09036
-1.20723
-1.44699
-2.55904
-3.30723
-3.09759
-2.98916
-1.71084
-3.37349
-4.21446
-3.27229
-1.91928
-0.922892
-0.656627
0.825301
3.2988
2.61687
2.14458
2.1988
2.12892
1.55181
2.46386
2.34458
3.42169
0.70241
-1.81446
-1.74578
-0.698795
-0.749398
0.375904
1.36747
0.574699
1.51084
1.1506
0.381928
1.33855
1.30361
1.27952
1.39518
2.08313
1.19518
-1.31205
-0.585542
-0.327711
-0.319277
-2.35904
-0.908434
-0.545783
-0.554217
1.00964
2.08434
3.13494
2.37952
-2.56265
-0.827711
-2.18434
-4.31084
-4.8988
-3.09639
-1.15301
-2.49157
-1.22289
-2.51807
-5.45904
-4.58554
-2.33012
-2.54337
-0.221687
0.3
-2.27108
-1.23735
0.142169
0.36506
0.209639
1.62651
1.16747
-1.28434
-1.47108
-1.60843
-1.1
1.33976
1.68675
2.42169
1.75301
-0.244578
-0.0759036
-0.836145
-1.61446
-0.601205
-2.1747
-1.43735
-0.522892
0.926506
2.11325
2.40843
1.45301
-1.31446
-2.52892
-2.8253
-0.756627
-2.27831
-2.4747
-0.684337
-3.27831
-3.61687
-2.57952
-2.30241
-1.47711
-1.62048
-0.479518
0.89759
1.76386
2.58554
2.57831
2.70964
1.45422
0.814458
0.184337
-0.479518
-1.2747
0.23012
1.83133
2.10602
1.67108
2.56265
2.51928
2.1012
3.5494
2.53253
1.23494
-4.09157
-4.71687
-1.15181
-2.15904
-1.16265
-0.177108
3.20964
3.99157
3.23012
1.9988
-2.78916
-5.1759
-5.25542
-5.03976
-2.13976
-4.31807
-4.14337
-5.90361
-5.13253
-7.11687
-6.65542
-6.06867
-3.74819
-4.26024
-2.76506
-3.75301
-0.913253
-1.53614
0.00240964
0.362651
2.84217
4.55542
-1.51325
-5.10843
-2.53855
-1.68554
-0.721687
-0.814458
1.48313
1.24578
3
3.25301
3.06627
1.48072
0.773494
-0.486747
-1.3253
-2.95904
-5.2
-5.4759
-4.11084
-2.49518
-2.35301
-5.5506
-5.79518
-3.24458
-0.187952
-0.945783
0.445783
-0.127711
1.02771
0.914458
1.27108
2.26988
3.3988
1.26265
1.88916
0.763855
-0.562651
-0.238554
-0.531325
-0.698795
1.02651
3.67831
1.35181
-1.84217
-1.54819
-3.53133
-2.3988
-1.23735
0.536145
-1.73735
0.96506
1.22169
1.49157
-0.9
-3.0988
-4.5241
-2.23855
-3.60482
-9.12289
-7.06386
-6.7506
-10.2108
-7.70964
-7.26747
-3.71687
-8.65663
-5.78313
-5.05663
0.76506
1.17349
1.64819
0.450602
-0.622892
-0.179518
-1.90482
-1.58072
-1.85422
-2.82169
-3.7
-3.32048
-8.08916
-6.76024
-1.99277
-3.92169
-8.59639
-7.9253
-4.94578
-3.93012
-2.41084
-2.32048
-2.4494
0.483133
1.08675
3.03373
1.18434
0.857831
1.25783
-0.812048
-0.918072
1.15663
-1.10482
-0.638554
-1.28916
-0.396386
-1.36024
-1.22048
-1.2759
-0.381928
1.26024
1.66867
1.99398
1.91687
0.438554
0.659036
1.36386
0.774699
-0.604819
0.645783
0.20241
-0.793976
-2.13494
-1.8988
-1.20723
-1.4241
-4.26988
-5.38313
-3.33735
-2.91928
-0.915663
1.20482
0.962651
-0.655422
0.489157
1.39398
0.775904
2.29157
-1.55301
0.922892
-1.65301
-3.39277
-2.26145
-0.46506
-0.407229
-1.04578
-0.927711
-0.986747
-3.70964
-6.21205
-6.14217
-4.19036
-1.73253
-0.698795
-1.29036
-0.404819
0.385542
-0.13253
-0.240964
0.736145
2.72771
0.579518
0.487952
-1.1747
-3.03012
-1.50964
-1.93855
-0.781928
0.609639
-0.583133
-1.14096
-0.33494
-1.03855
-4.09518
-3.62771
-3.59639
-3.42169
-3.59036
-3.39639
-2.99398
-2.93614
-5.37349
-3.97108
-1.59398
-1.00843
-2.23012
-3.1253
-1.85422
-1.21566
-3.21807
-1.7241
-0.133735
-0.228916
-2.21084
-2.31928
-2.8241
-2.09277
-2.23133
-2.26988
-0.854217
-1.88675
-0.16506
0.792771
2.80361
2.26145
2.09036
-1.20723
-1.44699
-2.55904
-3.30723
-3.09759
-2.98916
-1.71084
-3.37349
-4.21446
-3.27229
-1.91928
-0.922892
-0.656627
0.825301
3.2988
2.61687
2.14458
2.1988
2.12892
1.55181
2.46386
2.34458
3.42169
0.70241
-1.81446
-1.74578
-0.698795
-0.749398
0.375904
1.36747
0.574699
1.51084
1.1506
0.381928
1.33855
1.30361
1.27952
1.39518
2.08313
1.19518
-1.31205
-0.585542
-0.327711
-0.319277
-2.35904
-0.908434
-0.545783
-0.554217
1.00964
2.08434
3.13494
2.37952
-2.56265
-0.827711
-2.18434
-4.31084
-4.8988
-3.09639
-1.15301
-2.49157
-1.22289
-2.51807
-5.45904
-4.58554
-2.33012
-2.54337
-0.221687
0.3
-2.27108
-1.23735
0.142169
0.36506
0.209639
1.62651
1.16747
-1.28434
-1.47108
-1.60843
-1.1
1.33976
1.68675
2.42169
1.75301
-0.244578
-0.0759036
-0.836145
-1.61446
-0.601205
-2.1747
-1.43735
-0.522892
0.926506
2.11325
2.40843
1.45301
-1.31446
-2.52892
-2.8253
-0.756627
-2.27831
-2.4747
-0.684337
-3.27831
-3.61687
-2.57952
-2.30241
-1.47711
-1.62048
-0.479518
0.89759
1.76386
2.58554
2.57831
2.70964
1.45422
0.814458
0.184337
-0.479518
-1.2747
0.23012
1.83133
2.10602
1.67108
2.56265
2.51928
2.1012
3.5494
2.53253
1.23494
-4.09157
-4.71687
-1.15181
-2.15904
-1.16265
-0.177108
3.20964
3.99157
3.23012
1.9988
-2.78916
-5.1759
-5.25542
-5.03976
-2.13976
-4.31807
-4.14337
-5.90361
-5.13253
-7.11687
-6.65542
-6.06867
-3.74819
-4.26024
-2.76506
-3.75301
-0.913253
-1.53614
0.00240964
0.362651
2.84217
4.55542
-1.51325
-5.10843
-2.53855
-1.68554
-0.721687
-0.814458
1.48313
1.24578
3
3.25301
3.06627
1.48072
0.773494
-0.486747
-1.3253
-2.95904
-5.2
-5.4759
-4.11084
-2.49518
-2.35301
-5.5506
-5.79518
-3.24458
-0.187952
-0.945783
0.445783
-0.127711
1.02771
0.914458
1.27108
2.26988
3.3988
1.26265
1.88916
0.763855
-0.562651
-0.238554
-0.531325
-0.698795
1.02651
3.67831
1.35181
-1.84217
-1.54819
-3.53133
-2.3988
-1.23735
0.536145
-1.73735
0.96506
1.22169
1.49157
-0.9
-3.0988
-4.5241
-2.23855
-3.60482
-9.12289
-7.06386
-6.7506
-10.2108
-7.70964
-7.26747
-3.71687
-8.65663
-5.78313
-5.05663
0.76506
1.17349
1.64819
0.450602
-0.622892
-0.179518
-1.90482
-1.58072
-1.85422
-2.82169
-3.7
-3.32048
-8.08916
-6.76024
-1.99277
-3.92169
-8.59639
-7.9253
-4.94578
-3.93012
-2.41084
-2.32048
-2.4494
0.483133
1.08675
3.03373
1.18434
0.857831
1.25783
-0.812048
-0.918072
1.15663
-1.10482
-0.638554
-1.28916
-0.396386
-1.36024
-1.22048
-1.2759
-0.381928
1.26024
1.66867
1.99398
1.91687
0.438554
0.659036
1.36386
0.774699
-0.604819
0.645783
0.20241
-0.793976
-2.13494
-1.8988
-1.20723
-1.4241
-4.26988
-5.38313
-3.33735
-2.91928
-0.915663
1.20482
0.962651
-0.655422
0.489157
1.39398
0.775904
2.29157
-1.55301
0.922892
-1.65301
-3.39277
-2.26145
-0.46506
-0.407229
-1.04578
-0.927711
-0.986747
-3.70964
-6.21205
-6.14217
-4.19036
-1.73253
-0.698795
-1.29036
-0.404819
0.385542
-0.13253
-0.240964
0.736145
2.72771
0.579518
0.487952
-1.1747
-3.03012
-1.50964
-1.93855
-0.781928
0.609639
-0.583133
-1.14096
-0.33494
-1.03855
-4.09518
-3.62771
-3.59639
-3.42169
-3.59036
-3.39639
-2.99398
-2.93614
-5.37349
-3.97108
-1.59398
-1.00843
-2.23012
-3.1253
-1.85422
-1.21566
-3.21807
-1.7241
-0.133735
-0.228916
-2.21084
-2.31928
-2.8241
-2.09277
-2.23133
-2.26988
-0.854217
-1.88675
-0.16506
0.792771
2.80361
2.26145
2.09036
-1.20723
-1.44699
-2.55904
-3.30723
-3.09759
-2.98916
-1.71084
-3.37349
-4.21446
-3.27229
-1.91928
-0.922892
-0.656627
0.825301
3.2988
2.61687
2.14458
2.1988
2.12892
1.55181
2.46386
2.34458
3.42169
0.70241
-1.81446
-1.74578
-0.698795
-0.749398
0.375904
1.36747
0.574699
1.51084
1.1506
0.381928
1.33855
1.30361
1.27952
1.39518
2.08313
1.19518
-1.31205
-0.585542
-0.327711
-0.319277
-2.35904
-0.908434
-0.545783
-0.554217
1.00964
2.08434
3.13494
2.37952
-2.56265
-0.827711
-2.18434
-4.31084
-4.8988
-3.09639
-1.15301
-2.49157
-1.22289
-2.51807
-5.45904
-4.58554
-2.33012
-2.54337
-0.221687
0.3
-2.27108
-1.23735
0.142169
0.36506
0.209639
1.62651
1.16747
-1.28434
-1.47108
-1.60843
-1.1
1.33976
1.68675
2.42169
1.75301
-0.244578
-0.0759036
-0.836145
-1.61446
-0.601205
-2.1747
-1.43735
-0.522892
0.926506
2.11325
2.40843
1.45301
-1.31446
-2.52892
-2.8253
-0.756627
-2.27831
-2.4747
-0.684337
-3.27831
-3.61687
-2.57952
-2.30241
-1.47711
-1.62048
-0.479518
0.89759
1.76386
2.58554
2.57831
2.70964
1.45422
0.814458
0.184337
-0.479518
-1.2747
0.23012
1.83133
2.10602
1.67108
2.56265
2.51928
2.1012
3.5494
2.53253
1.23494
-4.09157
-4.71687
-1.15181
-2.15904
-1.16265
-0.177108
3.20964
3.99157
3.23012
1.9988
-2.78916
-5.1759
-5.25542
-5.03976
-2.13976
-4.31807
-4.14337
-5.90361
-5.13253
-7.11687
-6.65542
-6.06867
-3.74819
-4.26024
-2.76506
-3.75301
-0.913253
-1.53614
0.00240964
0.362651
2.84217
4.55542
-1.51325
-5.10843
-2.53855
-1.68554
-0.721687
-0.814458
1.48313
1.24578
3
3.25301
3.06627
1.48072
0.773494
-0.486747
-1.3253
-2.95904
-5.2
-5.4759
-4.11084
-2.49518
-2.35301
-5.5506
-5.79518
-3.24458
-0.187952
-0.945783
0.445783
-0.127711
1.02771
0.914458
1.27108
2.26988
3.3988
1.26265
1.88916
0.763855
-0.562651
-0.238554
-0.531325
-0.698795
1.02651
3.67831
1.35181
-1.84217
-1.54819
-3.53133
-2.3988
-1.23735
